<html>
<body>
<pre>
<h1>µVision Build Log</h1>
<h2>Tool Versions:</h2>
IDE-Version: ¦ÌVision V5.41.0.0
Copyright (C) 2024 ARM Ltd and ARM Germany GmbH. All rights reserved.
License Information: 1 1, 1, LIC=9WSKC-77L4X-X7VRZ-JRAIB-CFL8D-A6IK7
 
Tool Versions:
Toolchain:       MDK-ARM Plus  Version: 5.41.0.0
Toolchain Path:  D:\ARM\Keil\ARM\ARMCLANG\Bin
C Compiler:      ArmClang.exe V6.22
Assembler:       Armasm.exe V6.22
Linker/Locator:  ArmLink.exe V6.22
Library Manager: ArmAr.exe V6.22
Hex Converter:   FromElf.exe V6.22
CPU DLL:         SARMCM3.DLL V5.41.0.0
Dialog DLL:      DARMCM1.DLL V1.19.6.0
Target DLL:      CMSIS_AGDI.dll V1.33.21.0
Dialog DLL:      TARMCM1.DLL V1.14.6.0
 
<h2>Project:</h2>
D:\Project\m0_class\keil\Task3.uvprojx
Project File Date:  03/09/2025

<h2>Output:</h2>
*** Using Compiler 'V6.22', folder: 'D:\ARM\Keil\ARM\ARMCLANG\Bin'
Rebuild target 'Target 1'
assembling startup_CMSDK_CM0.s...
linking...
.\code.sct(8): warning: L6314W: No section matches pattern *(InRoot$$Sections).
Program Size: Code=188 RO-data=68 RW-data=0 ZI-data=1024  
Finished: 0 information, 1 warning and 0 error messages.
After Build - User command #1: fromelf -cvf .\Task3.axf --vhx --32x1 -o code.hex
After Build - User command #2: fromelf -cvf .\Task3.axf -o code.txt
".\code.axf" - 0 Error(s), 1 Warning(s).

<h2>Software Packages used:</h2>

Package Vendor: Keil
                https://www.keil.com/pack/Keil.V2M-MPS2_CMx_BSP.1.8.2.pack
                Keil::V2M-MPS2_CMx_BSP@1.8.2
                ARM V2M-MPS2 Board Support PACK for Cortex-M System Design Kit Devices

<h2>Collection of Component include folders:</h2>
  D:/ARM/Keil/Packs/Keil/V2M-MPS2_CMx_BSP/1.8.2/Device/CMSDK_CM0/Include

<h2>Collection of Component Files used:</h2>
Build Time Elapsed:  00:00:01
</pre>
</body>
</html>
