Component: Arm Compiler for Embedded 6.22 Tool: armlink [5ee90200]

==============================================================================

Section Cross References

    startup_cmsdk_cm0.o(RESET) refers to startup_cmsdk_cm0.o(STACK) for __initial_sp
    startup_cmsdk_cm0.o(RESET) refers to startup_cmsdk_cm0.o(.text) for Reset_Handler


==============================================================================

Image Symbol Table

    Local Symbols

    Symbol Name                              Value     Ov Type        Size  Object(Section)

    startup_CMSDK_CM0.s                      0x00000000   Number         0  startup_cmsdk_cm0.o ABSOLUTE
    RESET                                    0x00000000   Section       68  startup_cmsdk_cm0.o(RESET)
    .text                                    0x00000044   Section      188  startup_cmsdk_cm0.o(.text)
    main_loop                                0x00000069   Thumb Code     8  startup_cmsdk_cm0.o(.text)
    SysTick_Handler                          0x00000071   Thumb Code     8  startup_cmsdk_cm0.o(.text)
    KEY_Handler                              0x00000079   Thumb Code     8  startup_cmsdk_cm0.o(.text)
    gpio_test                                0x00000081   Thumb Code    20  startup_cmsdk_cm0.o(.text)
    buzz_test                                0x000000a9   Thumb Code    32  startup_cmsdk_cm0.o(.text)
    STACK                                    0x20000000   Section     1024  startup_cmsdk_cm0.o(STACK)
    __initial_sp                             0x20000400   Data           0  startup_cmsdk_cm0.o(STACK)

    Global Symbols

    Symbol Name                              Value     Ov Type        Size  Object(Section)

    BuildAttributes$$THM_ISAv3M$S$PE$A:L22$X:L11$S22$IEEE1$~IW$USESV6$~STKCKD$USESV7$~SHL$OSPACE$EBA8$STANDARDLIB$PRES8$EABIv2 0x00000000   Number         0  anon$$obj.o ABSOLUTE
    __Vectors                                0x00000000   Data           4  startup_cmsdk_cm0.o(RESET)
    Reset_Handler                            0x00000045   Thumb Code    36  startup_cmsdk_cm0.o(.text)



==============================================================================

Memory Map of the image

  Image Entry point : 0x00000045

  Load Region LR_IROM1 (Base: 0x00000000, Size: 0x00000100, Max: 0x00010000, ABSOLUTE)

    Execution Region ER_IROM1 (Exec base: 0x00000000, Load base: 0x00000000, Size: 0x00000100, Max: 0x00010000, ABSOLUTE)

    Exec Addr    Load Addr    Size         Type   Attr      Idx    E Section Name        Object

    0x00000000   0x00000000   0x00000044   Data   RO            2    RESET               startup_cmsdk_cm0.o
    0x00000044   0x00000044   0x000000bc   Code   RO            3  * .text               startup_cmsdk_cm0.o


    Execution Region RW_IRAM1 (Exec base: 0x20000000, Load base: 0x00000100, Size: 0x00000400, Max: 0x00010000, ABSOLUTE)

    Exec Addr    Load Addr    Size         Type   Attr      Idx    E Section Name        Object

    0x20000000        -       0x00000400   Zero   RW            1    STACK               startup_cmsdk_cm0.o


==============================================================================

Image component sizes


      Code (inc. data)   RO Data    RW Data    ZI Data      Debug   Object Name

       188         56         68          0       1024        612   startup_cmsdk_cm0.o

    ----------------------------------------------------------------------
       188         56         68          0       1024        612   Object Totals
         0          0          0          0          0          0   (incl. Generated)
         0          0          0          0          0          0   (incl. Padding)

    ----------------------------------------------------------------------
         0          0          0          0          0          0   Library Totals
         0          0          0          0          0          0   (incl. Padding)

    ----------------------------------------------------------------------

==============================================================================


      Code (inc. data)   RO Data    RW Data    ZI Data      Debug   

       188         56         68          0       1024        612   Grand Totals
       188         56         68          0       1024        612   ELF Image Totals
       188         56         68          0          0          0   ROM Totals

==============================================================================

    Total RO  Size (Code + RO Data)                  256 (   0.25kB)
    Total RW  Size (RW Data + ZI Data)              1024 (   1.00kB)
    Total ROM Size (Code + RO Data + RW Data)        256 (   0.25kB)

==============================================================================

